[1/1] Compiling plugin GenerateManual
[2/2] Compiling plugin GenerateDoccReference
Building for debugging...
[2/9] Write sources
[3/9] Write swift-version--58304C5D6DBC2206.txt
[5/7] Compiling CodeInsightAppModelTests BookmarkModelTests.swift
[6/7] Emitting module CodeInsightAppModelTests
[6/8] Write Objects.LinkFileList
ld: warning: building for macOS-14.0, but linking with dylib '/opt/homebrew/opt/libgit2/lib/libgit2.1.9.dylib' which was built for newer version 26.0
[7/8] Linking CodeInsightPackageTests
Build complete! (6.92s)
Test Suite 'Selected tests' started at 2026-09-09 19:32:15.932.
Test Suite 'CodeInsightPackageTests.xctest' started at 2026-09-09 19:32:15.933.
Test Suite 'CodeInsightPackageTests.xctest' passed at 2026-09-09 19:32:15.933.
	 Executed 0 tests, with 0 failures (0 unexpected) in 0.000 (0.000) seconds
Test Suite 'Selected tests' passed at 2026-09-09 19:32:15.933.
	 Executed 0 tests, with 0 failures (0 unexpected) in 0.000 (0.001) seconds
◇ Test run started.
↳ Testing Library Version: 1902
↳ Target Platform: arm64e-apple-macos14.0
◇ Test bookmarkModelReanchorsOnlyWorktreeRecordsAndClampsLineOpenWithoutMutation() started.
✘ Test bookmarkModelReanchorsOnlyWorktreeRecordsAndClampsLineOpenWithoutMutation() recorded an issue at BookmarkModelTests.swift:320:5: Expectation failed: (model.attemptMessage(for: source.id) → "Bookmark content has drifted.") == nil
✘ Test bookmarkModelReanchorsOnlyWorktreeRecordsAndClampsLineOpenWithoutMutation() failed after 0.017 seconds with 1 issue.
✘ Test run with 1 test in 0 suites failed after 0.017 seconds with 1 issue.
