[1/1] Compiling plugin GenerateManual
[2/2] Compiling plugin GenerateDoccReference
Building for debugging...
[2/8] Write swift-version--58304C5D6DBC2206.txt
Build complete! (0.12s)
Test Suite 'Selected tests' started at 2026-09-14 08:43:49.424.
Test Suite 'CodeInsightPackageTests.xctest' started at 2026-09-14 08:43:49.425.
Test Suite 'CodeInsightPackageTests.xctest' passed at 2026-09-14 08:43:49.425.
	 Executed 0 tests, with 0 failures (0 unexpected) in 0.000 (0.000) seconds
Test Suite 'Selected tests' passed at 2026-09-14 08:43:49.425.
	 Executed 0 tests, with 0 failures (0 unexpected) in 0.000 (0.001) seconds
◇ Test run started.
↳ Testing Library Version: 1902
↳ Target Platform: arm64e-apple-macos14.0
◇ Test productPolishRestoresUserPanelWidthsAcrossWindowRebuild() started.
POLISH_WINDOW_MATRIX theme=Light style=0 width=900.0 reader=580.0 sidebar=320.0
POLISH_WINDOW_MATRIX theme=Light style=0 width=1280.0 reader=960.0 sidebar=320.0
POLISH_WINDOW_MATRIX theme=Light style=0 width=1600.0 reader=1280.0 sidebar=320.0
POLISH_WINDOW_MATRIX theme=Light style=1 width=900.0 reader=580.0 sidebar=320.0
POLISH_WINDOW_MATRIX theme=Light style=1 width=1280.0 reader=960.0 sidebar=320.0
POLISH_WINDOW_MATRIX theme=Light style=1 width=1600.0 reader=1280.0 sidebar=320.0
POLISH_WINDOW_MATRIX theme=Dark style=0 width=900.0 reader=580.0 sidebar=320.0
POLISH_WINDOW_MATRIX theme=Dark style=0 width=1280.0 reader=960.0 sidebar=320.0
POLISH_WINDOW_MATRIX theme=Dark style=0 width=1600.0 reader=1280.0 sidebar=320.0
POLISH_WINDOW_MATRIX theme=Dark style=1 width=900.0 reader=580.0 sidebar=320.0
POLISH_WINDOW_MATRIX theme=Dark style=1 width=1280.0 reader=960.0 sidebar=320.0
POLISH_WINDOW_MATRIX theme=Dark style=1 width=1600.0 reader=1280.0 sidebar=320.0
POLISH_SURFACE_FRAME surface=Reading Set before=(1800.0, 1129.0) after=(1800.0, 1129.0)
POLISH_SURFACE_FRAME surface=README before=(1800.0, 1129.0) after=(1800.0, 1129.0)
POLISH_SURFACE_FRAME surface=source restored before=(1800.0, 1129.0) after=(1800.0, 1129.0)
✔ Test productPolishRestoresUserPanelWidthsAcrossWindowRebuild() passed after 3.622 seconds.
◇ Test productPolishOutlineUsesNativeHierarchyAndPreservesCollapsedBranches() started.
✔ Test productPolishOutlineUsesNativeHierarchyAndPreservesCollapsedBranches() passed after 0.253 seconds.
✔ Test run with 2 tests in 0 suites passed after 3.875 seconds.
