Another instance of SwiftPM (PID: 64913) is already running using '/Users/siancao/work/ai/vibecoding/codeinsight/.build', waiting until that process has finished execution...Building for debugging...
[Computing dependencies]
[Using on-disk description]
[1 / 1]
[1 / 17] TypeScriptExtractorTests-product
[2 / 7] CodeInsightAppTests-product
[7 / 14]
[9 / 14] CodeInsightAppTests-product
[13 / 16] CodeInsightAppTests-product
/Users/siancao/work/ai/vibecoding/codeinsight/Package.swift: CodeInsightAppTests-product: ld: warning: building for macOS-14.0, but linking with dylib '/opt/homebrew/opt/libgit2/lib/libgit2.1.9.dylib' which was built for newer version 26.0
[15 / 19] CodeInsightAppTests-product
Build complete! (3.11秒)
◇ Test run started.
↳ Testing Library Version: 2084
↳ Target Platform: arm64e-apple-macos14.0
◇ Test closingWindowWithPendingClearSessionSheetPreservesBothSessions() started.
✘ Test closingWindowWithPendingClearSessionSheetPreservesBothSessions() recorded an issue at MultiWindowLifecycleTests.swift:328:5: Expectation failed: try Data(contentsOf: savedA) == afterCloseA
↳ try Data(contentsOf: savedA) == afterCloseA → <not evaluated>
✘ Test closingWindowWithPendingClearSessionSheetPreservesBothSessions() failed after 1.023 seconds with 1 issue.
✘ Test run with 1 test in 0 suites failed after 1.023 seconds with 1 issue.
Note: Some test targets reported failures:
  - CodeInsightAppTests (Swift Testing)
