Building for debugging...
[Computing dependencies]
[Using on-disk description]
[25 / 123] CTreeSitterRust
/Users/siancao/work/ai/vibecoding/codeinsight/Sources/CTreeSitterPython/src/scanner.c:389:12: warning: implicit conversion loses integer precision: 'size_t' (aka 'unsigned long') to 'unsigned int' [-Wshorten-64-to-32]
  389 |     return size;
      |     ~~~~~~ ^~~~
/Users/siancao/work/ai/vibecoding/codeinsight/Sources/CTreeSitterPython/src/scanner.c:406:49: warning: implicit conversion loses integer precision: 'size_t' (aka 'unsigned long') to 'uint32_t' (aka 'unsigned int') [-Wshorten-64-to-32]
  406 |             array_reserve(&scanner->delimiters, delimiter_count);
      |             ~~~~~~~~~~~~~~~~~~~~~~~~~~~~~~~~~~~~^~~~~~~~~~~~~~~~
In file included from /Users/siancao/work/ai/vibecoding/codeinsight/Sources/CTreeSitterPython/src/scanner.c:1:
/Users/siancao/work/ai/vibecoding/codeinsight/Sources/CTreeSitterPython/src/tree_sitter/array.h:56:59: note: expanded from macro 'array_reserve'
   56 |   _array__reserve((Array *)(self), array_elem_size(self), new_capacity)
      |   ~~~~~~~~~~~~~~~                                         ^~~~~~~~~~~~
/Users/siancao/work/ai/vibecoding/codeinsight/Sources/CTreeSitterPython/src/scanner.c:407:40: warning: implicit conversion loses integer precision: 'size_t' (aka 'unsigned long') to 'uint32_t' (aka 'unsigned int') [-Wshorten-64-to-32]
  407 |             scanner->delimiters.size = delimiter_count;
      |                                      ~ ^~~~~~~~~~~~~~~
3 warnings generated.
[40 / 134] CTreeSitterTypeScript
[50 / 134] TreeSitterKit
[58 / 148] TreeSitterKit
[59 / 148] CodeInsightExact
In file included from /Users/siancao/work/ai/vibecoding/codeinsight/Sources/CTreeSitter/src/lib.c:6:
/Users/siancao/work/ai/vibecoding/codeinsight/Sources/CTreeSitter/src/./parser.c:402:7: warning: implicit conversion loses integer precision: 'uintptr_t' (aka 'unsigned long') to 'uint32_t' (aka 'unsigned int') [-Wshorten-64-to-32]
  400 |     return ts_wasm_store_call_scanner_serialize(
      |            ~~~~~~~~~~~~~~~~~~~~~~~~~~~~~~~~~~~~
  401 |       self->wasm_store,
  402 |       (uintptr_t)self->external_scanner_payload,
      |       ^~~~~~~~~~~~~~~~~~~~~~~~~~~~~~~~~~~~~~~~~
/Users/siancao/work/ai/vibecoding/codeinsight/Sources/CTreeSitter/src/./parser.c:429:7: warning: implicit conversion loses integer precision: 'uintptr_t' (aka 'unsigned long') to 'uint32_t' (aka 'unsigned int') [-Wshorten-64-to-32]
  427 |     ts_wasm_store_call_scanner_deserialize(
      |     ~~~~~~~~~~~~~~~~~~~~~~~~~~~~~~~~~~~~~~
  428 |       self->wasm_store,
  429 |       (uintptr_t)self->external_scanner_payload,
      |       ^~~~~~~~~~~~~~~~~~~~~~~~~~~~~~~~~~~~~~~~~
/Users/siancao/work/ai/vibecoding/codeinsight/Sources/CTreeSitter/src/./parser.c:452:7: warning: implicit conversion loses integer precision: 'uintptr_t' (aka 'unsigned long') to 'uint32_t' (aka 'unsigned int') [-Wshorten-64-to-32]
  450 |     bool result = ts_wasm_store_call_scanner_scan(
      |                   ~~~~~~~~~~~~~~~~~~~~~~~~~~~~~~~
  451 |       self->wasm_store,
  452 |       (uintptr_t)self->external_scanner_payload,
      |       ^~~~~~~~~~~~~~~~~~~~~~~~~~~~~~~~~~~~~~~~~
3 warnings generated.
[69 / 172] CodeInsightExact
[72 / 189] CodeInsightTypeScriptExtractor
[73 / 189] CodeInsightRustExtractor
[79 / 181] CodeInsightTypeScriptExtractor
[80 / 181] CodeInsightTypeScriptExtractor
[84 / 177] CodeInsightExact
[89 / 185] CodeInsightExact
[92 / 185] CodeInsightExact
[97 / 184] TreeSitterKit
[99 / 183] CodeInsightReaderCore
[104 / 197] CodeInsightEngine
[106 / 208] TreeSitterKitTests-product
[107 / 208] TreeSitterKitTests-product
[109 / 208] CodeInsightRustExtractor
[119 / 200] CodeInsightReaderCore
[124 / 206] CodeInsightReaderCore
[127 / 206] CodeInsightEngine
[130 / 213] CodeInsightEngine
[136 / 215] codeinsight-product
[137 / 215] CodeInsightEngine
[140 / 216] TreeSitterKitTests-product
[143 / 215] TreeSitterKitTests-product
[148 / 215] CodeInsightReaderCore
[149 / 212] TypeScriptExtractorTests-product
[152 / 215] PythonExtractorTests-product
[159 / 236] TypeScriptExtractorTests-product
[162 / 236] CodeInsightExactTests-product
[163 / 236] CodeInsightAppModel
[164 / 236] CodeInsightAppModel
[165 / 236] CodeInsightReaderUI
[167 / 232] CodeInsightReaderUI
[168 / 232] CodeInsightReaderUI
[171 / 232] CodeInsightAppModel
[172 / 232] CodeInsightAppModel
[174 / 232] CodeInsightAppModel
[175 / 232] codeinsight-product
[179 / 232]
[184 / 232] TypeScriptExtractorTests-product
/Users/siancao/work/ai/vibecoding/codeinsight/Package.swift: codeinsight-product: ld: warning: building for macOS-14.0, but linking with dylib '/opt/homebrew/opt/libgit2/lib/libgit2.1.9.dylib' which was built for newer version 26.0
[195 / 235] CodeInsightReaderUI
[197 / 233] RustExtractorTests-product
[201 / 244] CodeInsightReaderUITests-product
[204 / 256] CodeInsightReaderCoreTests-product
[204 / 256] RustExtractorTests-product
[207 / 256] CodeInsightReaderUITests-product
[209 / 256] CodeInsightReaderCoreTests-product
[210 / 256] CodeInsightReaderCoreTests-product
[212 / 256] CodeInsightAppModel
[214 / 252] CodeInsightAppModel
[215 / 252] CodeInsightReaderUITests-product
[216 / 252] CodeInsightReaderCoreTests-product
[218 / 252] CodeInsightEngineTests-product
[219 / 252] CodeInsightEngineTests-product
[220 / 252] CodeInsightEngineTests-product
[221 / 252] CodeInsightReaderUITests-product
[222 / 252] CodeInsightEngineTests-product
[224 / 252] CodeInsightReaderCoreTests-product
[228 / 255] RustExtractorTests-product
/Users/siancao/work/ai/vibecoding/codeinsight/Sources/CodeInsightAppModel/AppModel.swift:1012:19: warning: immutable value 'sessionURL' was never used; consider replacing with '_' or removing it [#NoUsage]
1010 |     ) throws {
1011 |         guard sessionRestoreWriteSuspension != generation,
1012 |               let sessionURL,
     |                   `- warning: immutable value 'sessionURL' was never used; consider replacing with '_' or removing it [#NoUsage]
1013 |               let snapshot = makeSessionSnapshot(
1014 |                   panelPreset: panelPreset,

[#NoUsage]: <https://docs.swift.org/compiler/documentation/diagnostics/no-usage>
[234 / 256] CodeInsightAppModelTests-product
/Users/siancao/work/ai/vibecoding/codeinsight/Package.swift: RustExtractorTests-product: ld: warning: building for macOS-14.0, but linking with dylib '/opt/homebrew/opt/libgit2/lib/libgit2.1.9.dylib' which was built for newer version 26.0
[234 / 256] RustExtractorTests-product
[238 / 259] codeinsight-app-product
[242 / 295] CodeInsightEngineTests-product
[243 / 295] CodeInsightApp
[245 / 295] codeinsight-app-product
[246 / 295] codeinsight-app-product
[247 / 295] codeinsight-app-product
[248 / 295] codeinsight-app-product
[249 / 295] codeinsight-app-product
/Users/siancao/work/ai/vibecoding/codeinsight/Sources/CodeInsightApp/ReaderSettingsWindowController.swift:181:30: warning: 'accessibilitySetValue(_:forAttribute:)' was deprecated in macOS 10.10: Use the NSAccessibility protocol methods instead (see NSAccessibilityProtocols.h) [#DeprecatedDeclaration]
179 | 
180 |     static func selfTestEnableAccessibility() {
181 |         NSApplication.shared.accessibilitySetValue(
    |                              `- warning: 'accessibilitySetValue(_:forAttribute:)' was deprecated in macOS 10.10: Use the NSAccessibility protocol methods instead (see NSAccessibilityProtocols.h) [#DeprecatedDeclaration]
182 |             true, forAttribute: .init(rawValue: "AXEnhancedUserInterface")
183 |         )

[#DeprecatedDeclaration]: <https://docs.swift.org/compiler/documentation/diagnostics/deprecated-declaration>
[250 / 295] codeinsight-app-product
/Users/siancao/work/ai/vibecoding/codeinsight/Tests/CodeInsightExactTests/CodeInsightExactTests.swift:1711:9: warning: variable 'client' was written to, but never read
1709 |     let clientToServer = Pipe()
1710 |     let serverToClient = Pipe()
1711 |     var client: LSPClient? = LSPClient(
     |         `- warning: variable 'client' was written to, but never read
1712 |         readHandle: serverToClient.fileHandleForReading,
1713 |         writeHandle: clientToServer.fileHandleForWriting
[252 / 295] codeinsight-app-product
[254 / 297] CodeInsightApp
[256 / 297] CodeInsightApp
[261 / 297] CodeInsightExactTests-product
[262 / 297] CodeInsightEngineTests-product
/Users/siancao/work/ai/vibecoding/codeinsight/Package.swift: CodeInsightExactTests-product: ld: warning: building for macOS-14.0, but linking with dylib '/opt/homebrew/opt/libgit2/lib/libgit2.1.9.dylib' which was built for newer version 26.0
[264 / 297] CodeInsightExactTests-product
[265 / 303] codeinsight-app-product
[268 / 300] CodeInsightExactTests-product
[273 / 303] CodeInsightReaderCoreTests-product
[275 / 303] CodeInsightAppModelTests-product
/Users/siancao/work/ai/vibecoding/codeinsight/Sources/CodeInsightApp/MainWindowController.swift:2024:27: warning: value 'window' was defined but never used; consider replacing with boolean test [#NoUsage]
2022 |                 return true
2023 |             } catch {
2024 |                 guard let window else { return true }
     |                           `- warning: value 'window' was defined but never used; consider replacing with boolean test [#NoUsage]
2025 |                 let alert = NSAlert()
2026 |                 alert.alertStyle = .warning

[#NoUsage]: <https://docs.swift.org/compiler/documentation/diagnostics/no-usage>
[275 / 303] codeinsight-app-product
[278 / 303] CodeInsightEngineTests-product
/Users/siancao/work/ai/vibecoding/codeinsight/Package.swift: CodeInsightEngineTests-product: ld: warning: building for macOS-14.0, but linking with dylib '/opt/homebrew/opt/libgit2/lib/libgit2.1.9.dylib' which was built for newer version 26.0
[279 / 303] CodeInsightAppModelTests-product
[280 / 309] CodeInsightEngineTests-product
[283 / 309] CodeInsightApp
[285 / 309] CodeInsightApp
/Users/siancao/work/ai/vibecoding/codeinsight/Tests/CodeInsightAppModelTests/MultiWindowSharingTests.swift:323:5: warning: no calls to throwing functions occur within 'try' expression [#UnnecessaryEffectMarker]
321 |     let model = fixture.model
322 | 
323 |     try model.openProject(root: fixture.root)
    |     `- warning: no calls to throwing functions occur within 'try' expression [#UnnecessaryEffectMarker]
324 |     #expect(await testWaitUntil("ready") {
325 |         if case .ready = model.projectState { return true }

/Users/siancao/work/ai/vibecoding/codeinsight/Tests/CodeInsightAppModelTests/MultiWindowSharingTests.swift:436:5: warning: no calls to throwing functions occur within 'try' expression [#UnnecessaryEffectMarker]
434 |     coordinator.suspendPrepares(for: fixture.root)
435 |     #expect(coordinator.prepareIsSuspended(for: fixture.root))
436 |     try coordinator.prepare(
    |     `- warning: no calls to throwing functions occur within 'try' expression [#UnnecessaryEffectMarker]
437 |         projectURL: fixture.root,
438 |         revision: nil,

/Users/siancao/work/ai/vibecoding/codeinsight/Tests/CodeInsightAppModelTests/MultiWindowSharingTests.swift:448:5: warning: no calls to throwing functions occur within 'try' expression [#UnnecessaryEffectMarker]
446 |     coordinator.resumePrepares(for: fixture.root)
447 |     #expect(!coordinator.prepareIsSuspended(for: fixture.root))
448 |     try coordinator.prepare(
    |     `- warning: no calls to throwing functions occur within 'try' expression [#UnnecessaryEffectMarker]
449 |         projectURL: fixture.root,
450 |         revision: nil,

/Users/siancao/work/ai/vibecoding/codeinsight/Tests/CodeInsightAppModelTests/MultiWindowSharingTests.swift:555:9: warning: no calls to throwing functions occur within 'try' expression [#UnnecessaryEffectMarker]
553 |     #expect(materializer.isUnderMaintenance)
554 |     for (index, coordinator) in [windowA, windowB].enumerated() {
555 |         try coordinator.prepare(
    |         `- warning: no calls to throwing functions occur within 'try' expression [#UnnecessaryEffectMarker]
556 |             projectURL: fixture.root,
557 |             revision: nil,

/Users/siancao/work/ai/vibecoding/codeinsight/Tests/CodeInsightAppModelTests/MultiWindowSharingTests.swift:567:5: warning: no calls to throwing functions occur within 'try' expression [#UnnecessaryEffectMarker]
565 |     materializer.endMaintenance()
566 |     #expect(!materializer.isUnderMaintenance)
567 |     try windowA.prepare(projectURL: fixture.root, revision: nil, generation: 3)
    |     `- warning: no calls to throwing functions occur within 'try' expression [#UnnecessaryEffectMarker]
568 |     #expect(await testWaitUntil("ready") { windowA.readiness == .ready })
569 |     #expect(state.prepareCount == 1)

/Users/siancao/work/ai/vibecoding/codeinsight/Tests/CodeInsightAppModelTests/MultiWindowSharingTests.swift:592:5: warning: no calls to throwing functions occur within 'try' expression [#UnnecessaryEffectMarker]
590 |     let model = AppModel(exactCoordinator: coordinator)
591 |     try await coordinator.grantTrust(root)
592 |     try model.openProject(root: root)
    |     `- warning: no calls to throwing functions occur within 'try' expression [#UnnecessaryEffectMarker]
593 |     try #require(await testWaitUntil("trusted provider ready") {
594 |         coordinator.readiness == .ready && model.snapshotPhase == .fullReady

[#UnnecessaryEffectMarker]: <https://docs.swift.org/compiler/documentation/diagnostics/unnecessary-effect-marker>
[287 / 309] CodeInsightApp
[288 / 309] CodeInsightApp
/Users/siancao/work/ai/vibecoding/codeinsight/Sources/CodeInsightApp/ReaderSettingsWindowController.swift:181:30: warning: 'accessibilitySetValue(_:forAttribute:)' was deprecated in macOS 10.10: Use the NSAccessibility protocol methods instead (see NSAccessibilityProtocols.h) [#DeprecatedDeclaration]
179 | 
180 |     static func selfTestEnableAccessibility() {
181 |         NSApplication.shared.accessibilitySetValue(
    |                              `- warning: 'accessibilitySetValue(_:forAttribute:)' was deprecated in macOS 10.10: Use the NSAccessibility protocol methods instead (see NSAccessibilityProtocols.h) [#DeprecatedDeclaration]
182 |             true, forAttribute: .init(rawValue: "AXEnhancedUserInterface")
183 |         )

[#DeprecatedDeclaration]: <https://docs.swift.org/compiler/documentation/diagnostics/deprecated-declaration>
[289 / 309] CodeInsightAppModelTests-product
[293 / 309] CodeInsightExactTests-product
[295 / 309] CodeInsightEngineTests-product
[295 / 309] CodeInsightApp
[295 / 309] CodeInsightAppModelTests-product
/Users/siancao/work/ai/vibecoding/codeinsight/Tests/CodeInsightAppModelTests/SnapshotSwitchTests.swift:1830:27: warning: no 'async' operations occur within 'await' expression [#UnnecessaryEffectMarker]
1828 |         return
1829 |     }
1830 |     let renamedHits = try await session.searchSymbols(
     |                           `- warning: no 'async' operations occur within 'await' expression [#UnnecessaryEffectMarker]
1831 |         query: "renamed",
1832 |         limit: 10,

/Users/siancao/work/ai/vibecoding/codeinsight/Tests/CodeInsightAppModelTests/SnapshotSwitchTests.swift:1837:26: warning: no 'async' operations occur within 'await' expression [#UnnecessaryEffectMarker]
1835 |     )
1836 |     #expect(!renamedHits.isEmpty, "#renamed must be indexed after refresh")
1837 |     let targetHits = try await session.searchSymbols(
     |                          `- warning: no 'async' operations occur within 'await' expression [#UnnecessaryEffectMarker]
1838 |         query: "target",
1839 |         limit: 10,

/Users/siancao/work/ai/vibecoding/codeinsight/Tests/CodeInsightAppModelTests/SnapshotSwitchTests.swift:2093:20: warning: no 'async' operations occur within 'await' expression [#UnnecessaryEffectMarker]
2091 |         return
2092 |     }
2093 |     let hits = try await session.searchSymbols(
     |                    `- warning: no 'async' operations occur within 'await' expression [#UnnecessaryEffectMarker]
2094 |         query: "renamed",
2095 |         limit: 10,

/Users/siancao/work/ai/vibecoding/codeinsight/Tests/CodeInsightAppModelTests/SnapshotSwitchTests.swift:2151:18: warning: no 'async' operations occur within 'await' expression [#UnnecessaryEffectMarker]
2149 |     // refresh may not publish anything into the new workspace afterwards.
2150 |     let secondModelTask = Task { @MainActor in
2151 |         _ = try? await model.openProject(root: second.root, language: .rust)
     |                  `- warning: no 'async' operations occur within 'await' expression [#UnnecessaryEffectMarker]
2152 |     }
2153 |     await service.releaseFull("refresh")

/Users/siancao/work/ai/vibecoding/codeinsight/Tests/CodeInsightAppModelTests/SnapshotSwitchTests.swift:2202:9: warning: initialization of immutable value 'firstOpen' was never used; consider replacing with assignment to '_' or removing it [#NoUsage]
2200 |     )
2201 |     let model = AppModel(indexService: service)
2202 |     let firstOpen = Task { @MainActor in
     |         `- warning: initialization of immutable value 'firstOpen' was never used; consider replacing with assignment to '_' or removing it [#NoUsage]
2203 |         try? await model.openProject(
2204 |             root: first.root,

[#NoUsage]: <https://docs.swift.org/compiler/documentation/diagnostics/no-usage>
[#UnnecessaryEffectMarker]: <https://docs.swift.org/compiler/documentation/diagnostics/unnecessary-effect-marker>
/Users/siancao/work/ai/vibecoding/codeinsight/Sources/CodeInsightApp/MainWindowController.swift:2024:27: warning: value 'window' was defined but never used; consider replacing with boolean test [#NoUsage]
2022 |                 return true
2023 |             } catch {
2024 |                 guard let window else { return true }
     |                           `- warning: value 'window' was defined but never used; consider replacing with boolean test [#NoUsage]
2025 |                 let alert = NSAlert()
2026 |                 alert.alertStyle = .warning

[#NoUsage]: <https://docs.swift.org/compiler/documentation/diagnostics/no-usage>
[295 / 309] CodeInsightApp
/Users/siancao/work/ai/vibecoding/codeinsight/Tests/CodeInsightAppModelTests/AppModelTests.swift:3370:25: warning: no 'async' operations occur within 'await' expression [#UnnecessaryEffectMarker]
3368 |         generation: 1
3369 |     )
3370 |     let firstHits = try await firstSession.searchSymbols(
     |                         `- warning: no 'async' operations occur within 'await' expression [#UnnecessaryEffectMarker]
3371 |         query: "first_only",
3372 |         limit: 10,

/Users/siancao/work/ai/vibecoding/codeinsight/Tests/CodeInsightAppModelTests/AppModelTests.swift:3382:26: warning: no 'async' operations occur within 'await' expression [#UnnecessaryEffectMarker]
3380 |         generation: 2
3381 |     )
3382 |     let secondHits = try await secondSession.searchSymbols(
     |                          `- warning: no 'async' operations occur within 'await' expression [#UnnecessaryEffectMarker]
3383 |         query: "second_only",
3384 |         limit: 10,

/Users/siancao/work/ai/vibecoding/codeinsight/Tests/CodeInsightAppModelTests/AppModelTests.swift:3448:20: warning: no 'async' operations occur within 'await' expression [#UnnecessaryEffectMarker]
3446 |         #expect(service.retainedContentIDsForDiagnostics.count == 1)
3447 |     }
3448 |     let hits = try await original.searchSymbols(query: "revision_0", limit: 10, boost: SearchBoost(), context: QueryContext(snapshotID: original.snapshotID, analysisProfileID: original.analysisProfile.id, generation: 1))
     |                    `- warning: no 'async' operations occur within 'await' expression [#UnnecessaryEffectMarker]
3449 |     #expect(hits.count == 1)
3450 | }

[#UnnecessaryEffectMarker]: <https://docs.swift.org/compiler/documentation/diagnostics/unnecessary-effect-marker>
[295 / 309] CodeInsightAppModelTests-product
/Users/siancao/work/ai/vibecoding/codeinsight/Sources/CodeInsightApp/CodeInsightApp.swift:10876:25: warning: main actor-isolated property 'isEnabled' can not be mutated from a nonisolated context
10873 |         weak var openButton: NSButton?
10874 | 
10875 |         @objc func checkboxChanged(_ sender: NSButton) {
      |                    `- note: add '@MainActor' to make instance method 'checkboxChanged' part of global actor 'MainActor'
10876 |             openButton?.isEnabled = checkboxes.contains { $0.state == .on }
      |                         `- warning: main actor-isolated property 'isEnabled' can not be mutated from a nonisolated context
10877 |         }
10878 | 

/Applications/Xcode.app/Contents/Developer/Platforms/MacOSX.platform/Developer/SDKs/MacOSX27.0.sdk/System/Library/Frameworks/AppKit.framework/Headers/NSControl.h:29:35: note: mutation of this property is only permitted within the actor
 27 | @property BOOL ignoresMultiClick;
 28 | @property (getter=isContinuous) BOOL continuous;
 29 | @property (getter=isEnabled) BOOL enabled;
    |                                   `- note: mutation of this property is only permitted within the actor
 30 | @property BOOL refusesFirstResponder;
 31 | @property (getter=isHighlighted) BOOL highlighted API_AVAILABLE(macos(10.10));

/Users/siancao/work/ai/vibecoding/codeinsight/Sources/CodeInsightApp/CodeInsightApp.swift:10876:62: warning: main actor-isolated property 'state' can not be referenced from a nonisolated context
10874 | 
10875 |         @objc func checkboxChanged(_ sender: NSButton) {
10876 |             openButton?.isEnabled = checkboxes.contains { $0.state == .on }
      |                                                              `- warning: main actor-isolated property 'state' can not be referenced from a nonisolated context
10877 |         }
10878 | 

/Applications/Xcode.app/Contents/Developer/Platforms/MacOSX.platform/Developer/SDKs/MacOSX27.0.sdk/System/Library/Frameworks/AppKit.framework/Headers/NSButton.h:151:31: note: property declared here
149 | 
150 | /*! The button's state. Buttons support the off and on states, and an additional mixed state depending on the value of the `allowsMixedState` property. */
151 | @property NSControlStateValue state;
    |                               `- note: property declared here
152 | 
153 | /*! A Boolean value that indicates whether the button allows a mixed state. If NO, the button has two states (on and off), and if YES, the button has three states (on, off, and mixed). The mixed state is commonly used with checkboxes and radio buttons to indicate a value which is partially on. */

/Users/siancao/work/ai/vibecoding/codeinsight/Sources/CodeInsightApp/CodeInsightApp.swift:10881:62: warning: main actor-isolated property 'state' can not be referenced from a nonisolated context
10879 |         var selection: [LanguageID]? {
10880 |             var selected: [LanguageID] = []
10881 |             if checkboxes.indices.contains(0), checkboxes[0].state == .on {
      |                                                              `- warning: main actor-isolated property 'state' can not be referenced from a nonisolated context
10882 |                 selected.append(.rust)
10883 |             }

/Applications/Xcode.app/Contents/Developer/Platforms/MacOSX.platform/Developer/SDKs/MacOSX27.0.sdk/System/Library/Frameworks/AppKit.framework/Headers/NSButton.h:151:31: note: property declared here
149 | 
150 | /*! The button's state. Buttons support the off and on states, and an additional mixed state depending on the value of the `allowsMixedState` property. */
151 | @property NSControlStateValue state;
    |                               `- note: property declared here
152 | 
153 | /*! A Boolean value that indicates whether the button allows a mixed state. If NO, the button has two states (on and off), and if YES, the button has three states (on, off, and mixed). The mixed state is commonly used with checkboxes and radio buttons to indicate a value which is partially on. */

/Users/siancao/work/ai/vibecoding/codeinsight/Sources/CodeInsightApp/CodeInsightApp.swift:10884:62: warning: main actor-isolated property 'state' can not be referenced from a nonisolated context
10882 |                 selected.append(.rust)
10883 |             }
10884 |             if checkboxes.indices.contains(1), checkboxes[1].state == .on {
      |                                                              `- warning: main actor-isolated property 'state' can not be referenced from a nonisolated context
10885 |                 selected.append(.python)
10886 |             }

/Applications/Xcode.app/Contents/Developer/Platforms/MacOSX.platform/Developer/SDKs/MacOSX27.0.sdk/System/Library/Frameworks/AppKit.framework/Headers/NSButton.h:151:31: note: property declared here
149 | 
150 | /*! The button's state. Buttons support the off and on states, and an additional mixed state depending on the value of the `allowsMixedState` property. */
151 | @property NSControlStateValue state;
    |                               `- note: property declared here
152 | 
153 | /*! A Boolean value that indicates whether the button allows a mixed state. If NO, the button has two states (on and off), and if YES, the button has three states (on, off, and mixed). The mixed state is commonly used with checkboxes and radio buttons to indicate a value which is partially on. */

/Users/siancao/work/ai/vibecoding/codeinsight/Sources/CodeInsightApp/CodeInsightApp.swift:10887:62: warning: main actor-isolated property 'state' can not be referenced from a nonisolated context
10885 |                 selected.append(.python)
10886 |             }
10887 |             if checkboxes.indices.contains(2), checkboxes[2].state == .on {
      |                                                              `- warning: main actor-isolated property 'state' can not be referenced from a nonisolated context
10888 |                 selected.append(.typescript)
10889 |             }

/Applications/Xcode.app/Contents/Developer/Platforms/MacOSX.platform/Developer/SDKs/MacOSX27.0.sdk/System/Library/Frameworks/AppKit.framework/Headers/NSButton.h:151:31: note: property declared here
149 | 
150 | /*! The button's state. Buttons support the off and on states, and an additional mixed state depending on the value of the `allowsMixedState` property. */
151 | @property NSControlStateValue state;
    |                               `- note: property declared here
152 | 
153 | /*! A Boolean value that indicates whether the button allows a mixed state. If NO, the button has two states (on and off), and if YES, the button has three states (on, off, and mixed). The mixed state is commonly used with checkboxes and radio buttons to indicate a value which is partially on. */

/Users/siancao/work/ai/vibecoding/codeinsight/Sources/CodeInsightApp/CodeInsightApp.swift:11094:17: warning: no 'async' operations occur within 'await' expression [#UnnecessaryEffectMarker]
11092 |                 await coordinator.stopAllWorkForCacheClear()
11093 |             }
11094 |             try await sharedMaterializer.clear()
      |                 `- warning: no 'async' operations occur within 'await' expression [#UnnecessaryEffectMarker]
11095 |             return .cleared
11096 |         } catch {

[#UnnecessaryEffectMarker]: <https://docs.swift.org/compiler/documentation/diagnostics/unnecessary-effect-marker>
[295 / 309] codeinsight-app-product
[297 / 309] CodeInsightAppModelTests-product
/Users/siancao/work/ai/vibecoding/codeinsight/Package.swift: CodeInsightAppModelTests-product: ld: warning: building for macOS-14.0, but linking with dylib '/opt/homebrew/opt/libgit2/lib/libgit2.1.9.dylib' which was built for newer version 26.0
[304 / 315] CodeInsightAppModelTests-product
[306 / 315] codeinsight-app-product/Users/siancao/work/ai/vibecoding/codeinsight/Package.swift: codeinsight-app-product: ld: warning: building for macOS-14.0, but linking with dylib '/opt/homebrew/opt/libgit2/lib/libgit2.1.9.dylib' which was built for newer version 26.0

/Users/siancao/work/ai/vibecoding/codeinsight/Sources/CodeInsightApp/CodeInsightApp.swift:10876:25: warning: main actor-isolated property 'isEnabled' can not be mutated from a nonisolated context
10873 |         weak var openButton: NSButton?
10874 | 
10875 |         @objc func checkboxChanged(_ sender: NSButton) {
      |                    `- note: add '@MainActor' to make instance method 'checkboxChanged' part of global actor 'MainActor'
10876 |             openButton?.isEnabled = checkboxes.contains { $0.state == .on }
      |                         `- warning: main actor-isolated property 'isEnabled' can not be mutated from a nonisolated context
10877 |         }
10878 | 

/Applications/Xcode.app/Contents/Developer/Platforms/MacOSX.platform/Developer/SDKs/MacOSX27.0.sdk/System/Library/Frameworks/AppKit.framework/Headers/NSControl.h:29:35: note: mutation of this property is only permitted within the actor
 27 | @property BOOL ignoresMultiClick;
 28 | @property (getter=isContinuous) BOOL continuous;
 29 | @property (getter=isEnabled) BOOL enabled;
    |                                   `- note: mutation of this property is only permitted within the actor
 30 | @property BOOL refusesFirstResponder;
 31 | @property (getter=isHighlighted) BOOL highlighted API_AVAILABLE(macos(10.10));

/Users/siancao/work/ai/vibecoding/codeinsight/Sources/CodeInsightApp/CodeInsightApp.swift:10876:62: warning: main actor-isolated property 'state' can not be referenced from a nonisolated context
10874 | 
10875 |         @objc func checkboxChanged(_ sender: NSButton) {
10876 |             openButton?.isEnabled = checkboxes.contains { $0.state == .on }
      |                                                              `- warning: main actor-isolated property 'state' can not be referenced from a nonisolated context
10877 |         }
10878 | 

/Applications/Xcode.app/Contents/Developer/Platforms/MacOSX.platform/Developer/SDKs/MacOSX27.0.sdk/System/Library/Frameworks/AppKit.framework/Headers/NSButton.h:151:31: note: property declared here
149 | 
150 | /*! The button's state. Buttons support the off and on states, and an additional mixed state depending on the value of the `allowsMixedState` property. */
151 | @property NSControlStateValue state;
    |                               `- note: property declared here
152 | 
153 | /*! A Boolean value that indicates whether the button allows a mixed state. If NO, the button has two states (on and off), and if YES, the button has three states (on, off, and mixed). The mixed state is commonly used with checkboxes and radio buttons to indicate a value which is partially on. */

/Users/siancao/work/ai/vibecoding/codeinsight/Sources/CodeInsightApp/CodeInsightApp.swift:10881:62: warning: main actor-isolated property 'state' can not be referenced from a nonisolated context
10879 |         var selection: [LanguageID]? {
10880 |             var selected: [LanguageID] = []
10881 |             if checkboxes.indices.contains(0), checkboxes[0].state == .on {
      |                                                              `- warning: main actor-isolated property 'state' can not be referenced from a nonisolated context
10882 |                 selected.append(.rust)
10883 |             }

/Applications/Xcode.app/Contents/Developer/Platforms/MacOSX.platform/Developer/SDKs/MacOSX27.0.sdk/System/Library/Frameworks/AppKit.framework/Headers/NSButton.h:151:31: note: property declared here
149 | 
150 | /*! The button's state. Buttons support the off and on states, and an additional mixed state depending on the value of the `allowsMixedState` property. */
151 | @property NSControlStateValue state;
    |                               `- note: property declared here
152 | 
153 | /*! A Boolean value that indicates whether the button allows a mixed state. If NO, the button has two states (on and off), and if YES, the button has three states (on, off, and mixed). The mixed state is commonly used with checkboxes and radio buttons to indicate a value which is partially on. */

/Users/siancao/work/ai/vibecoding/codeinsight/Sources/CodeInsightApp/CodeInsightApp.swift:10884:62: warning: main actor-isolated property 'state' can not be referenced from a nonisolated context
10882 |                 selected.append(.rust)
10883 |             }
10884 |             if checkboxes.indices.contains(1), checkboxes[1].state == .on {
      |                                                              `- warning: main actor-isolated property 'state' can not be referenced from a nonisolated context
10885 |                 selected.append(.python)
10886 |             }

/Applications/Xcode.app/Contents/Developer/Platforms/MacOSX.platform/Developer/SDKs/MacOSX27.0.sdk/System/Library/Frameworks/AppKit.framework/Headers/NSButton.h:151:31: note: property declared here
149 | 
150 | /*! The button's state. Buttons support the off and on states, and an additional mixed state depending on the value of the `allowsMixedState` property. */
151 | @property NSControlStateValue state;
    |                               `- note: property declared here
152 | 
153 | /*! A Boolean value that indicates whether the button allows a mixed state. If NO, the button has two states (on and off), and if YES, the button has three states (on, off, and mixed). The mixed state is commonly used with checkboxes and radio buttons to indicate a value which is partially on. */

/Users/siancao/work/ai/vibecoding/codeinsight/Sources/CodeInsightApp/CodeInsightApp.swift:10887:62: warning: main actor-isolated property 'state' can not be referenced from a nonisolated context
10885 |                 selected.append(.python)
10886 |             }
10887 |             if checkboxes.indices.contains(2), checkboxes[2].state == .on {
      |                                                              `- warning: main actor-isolated property 'state' can not be referenced from a nonisolated context
10888 |                 selected.append(.typescript)
10889 |             }

/Applications/Xcode.app/Contents/Developer/Platforms/MacOSX.platform/Developer/SDKs/MacOSX27.0.sdk/System/Library/Frameworks/AppKit.framework/Headers/NSButton.h:151:31: note: property declared here
149 | 
150 | /*! The button's state. Buttons support the off and on states, and an additional mixed state depending on the value of the `allowsMixedState` property. */
151 | @property NSControlStateValue state;
    |                               `- note: property declared here
152 | 
153 | /*! A Boolean value that indicates whether the button allows a mixed state. If NO, the button has two states (on and off), and if YES, the button has three states (on, off, and mixed). The mixed state is commonly used with checkboxes and radio buttons to indicate a value which is partially on. */

/Users/siancao/work/ai/vibecoding/codeinsight/Sources/CodeInsightApp/CodeInsightApp.swift:11094:17: warning: no 'async' operations occur within 'await' expression [#UnnecessaryEffectMarker]
11092 |                 await coordinator.stopAllWorkForCacheClear()
11093 |             }
11094 |             try await sharedMaterializer.clear()
      |                 `- warning: no 'async' operations occur within 'await' expression [#UnnecessaryEffectMarker]
11095 |             return .cleared
11096 |         } catch {

[#UnnecessaryEffectMarker]: <https://docs.swift.org/compiler/documentation/diagnostics/unnecessary-effect-marker>
[308 / 316] CodeInsightApp
[310 / 315] CodeInsightAppTests-product
[322 / 327] CodeInsightAppTests-product
[324 / 327] CodeInsightAppTests-product
/Users/siancao/work/ai/vibecoding/codeinsight/Tests/CodeInsightAppTests/RelationNavigationTests.swift:2498:24: warning: result of call to 'selfTestActivateReading(at:)' is unused [#NoUsage]
2496 |     )
2497 | 
2498 |     fixture.controller.selfTestActivateReading(
     |                        `- warning: result of call to 'selfTestActivateReading(at:)' is unused [#NoUsage]
2499 |         at: byteOffset(of: "target() {}", in: fixture.mainSource)
2500 |     )

/Users/siancao/work/ai/vibecoding/codeinsight/Tests/CodeInsightAppTests/RelationNavigationTests.swift:2537:24: warning: result of call to 'selfTestActivateReading(at:)' is unused [#NoUsage]
2535 |     // The Reader caret moves to a call of `second`; the global command must
2536 |     // query second, leaving the pinned preview untouched.
2537 |     fixture.controller.selfTestActivateReading(
     |                        `- warning: result of call to 'selfTestActivateReading(at:)' is unused [#NoUsage]
2538 |         at: byteOffset(of: "second();", in: fixture.mainSource)
2539 |     )

/Users/siancao/work/ai/vibecoding/codeinsight/Tests/CodeInsightAppTests/RelationNavigationTests.swift:2573:5: warning: no calls to throwing functions occur within 'try' expression [#UnnecessaryEffectMarker]
2571 |     )
2572 |     fixture.controller.showRelations(direction: .references)
2573 |     try await pumpRunLoop()
     |     `- warning: no calls to throwing functions occur within 'try' expression [#UnnecessaryEffectMarker]
2574 |     #expect(fixture.model.relationTree.root == nil)
2575 | }

/Users/siancao/work/ai/vibecoding/codeinsight/Tests/CodeInsightAppTests/RelationNavigationTests.swift:2601:24: warning: result of call to 'selfTestActivateReading(at:)' is unused [#NoUsage]
2599 |     fixture.controller.window?.setContentSize(NSSize(width: 900, height: 600))
2600 |     fixture.controller.window?.contentView?.layoutSubtreeIfNeeded()
2601 |     fixture.controller.selfTestActivateReading(
     |                        `- warning: result of call to 'selfTestActivateReading(at:)' is unused [#NoUsage]
2602 |         at: byteOffset(of: "target() {}", in: fixture.mainSource)
2603 |     )

/Users/siancao/work/ai/vibecoding/codeinsight/Tests/CodeInsightAppTests/RelationNavigationTests.swift:2643:24: warning: result of call to 'selfTestActivateReading(at:)' is unused [#NoUsage]
2641 |             == main.standardizedFileURL
2642 |     })
2643 |     fixture.controller.selfTestActivateReading(
     |                        `- warning: result of call to 'selfTestActivateReading(at:)' is unused [#NoUsage]
2644 |         at: byteOffset(of: "target() {}", in: fixture.mainSource)
2645 |     )

[#NoUsage]: <https://docs.swift.org/compiler/documentation/diagnostics/no-usage>
[#UnnecessaryEffectMarker]: <https://docs.swift.org/compiler/documentation/diagnostics/unnecessary-effect-marker>
/Users/siancao/work/ai/vibecoding/codeinsight/Package.swift: CodeInsightAppTests-product: ld: warning: building for macOS-14.0, but linking with dylib '/opt/homebrew/opt/libgit2/lib/libgit2.1.9.dylib' which was built for newer version 26.0
[326 / 330] CodeInsightAppTests-product
[329 / 329] codeinsight-product
Build complete! (39.89秒)
◇ Test run started.
↳ Testing Library Version: 2084
↳ Target Platform: arm64e-apple-macos14.0
◇ Test revocationBlocksNewProvidersAndRestartsCurrentGenerationSafely() started.
✔ Test revocationBlocksNewProvidersAndRestartsCurrentGenerationSafely() passed after 0.116 seconds.
◇ Test shutdownWaitsForLatePrepareToCloseAndReleaseItsDirectory() started.
✔ Test shutdownWaitsForLatePrepareToCloseAndReleaseItsDirectory() passed after 0.117 seconds.
◇ Test sharedCacheClearWaitsForBothProvidersAndAllowsRestartAfterMaintenance() started.
✔ Test sharedCacheClearWaitsForBothProvidersAndAllowsRestartAfterMaintenance() passed after 0.134 seconds.
✔ Test run with 3 tests in 0 suites passed after 0.368 seconds.
