Building for debugging...
[Computing dependencies]
[Using on-disk description]
[1 / 1]
[1 / 34] CodeInsightReaderCoreTests-product
[4 / 17] CodeInsightReaderUITests-product
[9 / 27]
[10 / 32]
[16 / 32]
[17 / 32]
[19 / 32] CodeInsightReaderUITests-product
[19 / 32] codeinsight-app-product
[30 / 42] CodeInsightApp
[30 / 42] CodeInsightReaderUITests-product
/Users/siancao/work/ai/vibecoding/codeinsight/Package.swift: codeinsight-app-product: ld: warning: building for macOS-14.0, but linking with dylib '/opt/homebrew/opt/libgit2/lib/libgit2.1.9.dylib' which was built for newer version 26.0
[32 / 43] codeinsight-app-product
[35 / 38] CodeInsightReaderUITests-product
/Users/siancao/work/ai/vibecoding/codeinsight/Package.swift: CodeInsightAppTests-product: ld: warning: building for macOS-14.0, but linking with dylib '/opt/homebrew/opt/libgit2/lib/libgit2.1.9.dylib' which was built for newer version 26.0
[37 / 39] CodeInsightAppTests-product
[39 / 41] CodeInsightAppTests-product
Build complete! (4.80秒)
◇ Test run started.
↳ Testing Library Version: 2084
↳ Target Platform: arm64e-apple-macos14.0
◇ Test ligatureAndFontReflowsKeepAnIndependentlyMeasuredViewportAnchor() started.
✘ Test ligatureAndFontReflowsKeepAnIndependentlyMeasuredViewportAnchor() recorded an issue at ReaderLigatureIntegrationTests.swift:148:9: Expectation failed: error <= 2
↳ step=3, mode=.enabled, size=13.0, wrap=false, anchor=2969, row=833.6590909090909, clip=739.3727272727276, offset=85.59999999999991, restores=0, anchor error=8.686363636363353pt
↳ error <= 2 → false
↳   error → 8.686363636363353
↳   2 → 2.0
✘ Test ligatureAndFontReflowsKeepAnIndependentlyMeasuredViewportAnchor() failed after 2.636 seconds with 1 issue.
✘ Test run with 1 test in 0 suites failed after 2.636 seconds with 1 issue.
Note: Some test targets reported failures:
  - CodeInsightReaderUITests (Swift Testing)
