◇ Test run started.
↳ Testing Library Version: 2084
↳ Target Platform: arm64e-apple-macos14.0
◇ Test contextCandidateChangesPreserveTheReadersVisibleSourceAnchor() started.
2026-09-28 19:39:12.767 swiftpm-testing-helper[32895:29954161] Connection Invalid error for service com.apple.hiservices-xpcservice.
2026-09-28 19:39:12.767 swiftpm-testing-helper[32895:29954158] Error received in message reply handler: Connection invalid
✘ Test contextCandidateChangesPreserveTheReadersVisibleSourceAnchor() recorded an issue at MainWindowControllerTests.swift:1614:9: Expectation failed: abs(actualY - anchorY) <= 2
↳ Context candidate=true, source anchor moved from 90.0 to 220.66897297297146, clip=(-52.0, 9443.34054054054, 944.0, 266.0)
↳ abs(actualY - anchorY) <= 2 → false
↳   abs(actualY - anchorY) → 130.66897297297146
↳   2 → 2.0
✘ Test contextCandidateChangesPreserveTheReadersVisibleSourceAnchor() recorded an issue at MainWindowControllerTests.swift:1614:9: Expectation failed: abs(actualY - anchorY) <= 2
↳ Context candidate=false, source anchor moved from 90.0 to 220.66897297297146, clip=(-52.0, 9445.296864864864, 944.0, 462.0)
↳ abs(actualY - anchorY) <= 2 → false
↳   abs(actualY - anchorY) → 130.66897297297146
↳   2 → 2.0
✘ Test contextCandidateChangesPreserveTheReadersVisibleSourceAnchor() recorded an issue at MainWindowControllerTests.swift:1614:9: Expectation failed: abs(actualY - anchorY) <= 2
↳ Context candidate=true, source anchor moved from 90.0 to 220.66897297297146, clip=(-52.0, 9445.296864864864, 944.0, 266.0)
↳ abs(actualY - anchorY) <= 2 → false
↳   abs(actualY - anchorY) → 130.66897297297146
↳   2 → 2.0
✘ Test contextCandidateChangesPreserveTheReadersVisibleSourceAnchor() recorded an issue at MainWindowControllerTests.swift:1614:9: Expectation failed: abs(actualY - anchorY) <= 2
↳ Context candidate=false, source anchor moved from 90.0 to 220.66897297297146, clip=(-52.0, 9445.296864864864, 944.0, 462.0)
↳ abs(actualY - anchorY) <= 2 → false
↳   abs(actualY - anchorY) → 130.66897297297146
↳   2 → 2.0
✘ Test contextCandidateChangesPreserveTheReadersVisibleSourceAnchor() failed after 4.557 seconds with 4 issues.
✘ Test run with 1 test in 0 suites failed after 4.557 seconds with 4 issues.
Note: Some test targets reported failures:
  - CodeInsightAppTests (Swift Testing)
