◇ Test run started.
↳ Testing Library Version: 2084
↳ Target Platform: arm64e-apple-macos14.0
◇ Test sidebarTransitionTemporaryNativeProbe() started.
SIDEBAR_PROBE theme=Dark hidden=false split=(0.0, 0.0, 260.0, 720.0) files=(0.0, 0.0, 260.0, 395.5) outline=(0.0, 396.5, 260.0, 323.5) outlineHidden=false unusedHeight=324.5
SIDEBAR_PROBE surface=header expected=[0.08627450980392157, 0.10196078431372549, 0.09411764705882353] layer=[0.08627450980392157, 0.10196078431372549, 0.09411764705882353] pixel=[0.11816982179880142, 0.13470762968063354, 0.12426235526800156]
SIDEBAR_PROBE surface=pane expected=[0.08627450980392157, 0.10196078431372549, 0.09411764705882353] layer=[0.08627450980392157, 0.10196078431372549, 0.09411764705882353] pixel=[0.11816982179880142, 0.13470762968063354, 0.12426235526800156]
SIDEBAR_PROBE theme=Dark hidden=true split=(0.0, 0.0, 260.0, 720.0) files=(0.0, 0.0, 260.0, 719.0) outline=(0.0, 396.5, 260.0, 323.5) outlineHidden=true unusedHeight=1.0
✘ Test sidebarTransitionTemporaryNativeProbe() recorded an issue at SidebarTransitionProbeTests.swift:48:17: Expectation failed: abs(gap) < 0.1
↳ Hidden outline must not reserve divider or pane space
↳ abs(gap) < 0.1 → false
↳   abs(gap) → 1.0
SIDEBAR_PROBE splitPixel y=395 rgb=[0.11816982179880142, 0.13470762968063354, 0.12426235526800156]
SIDEBAR_PROBE splitPixel y=396 rgb=[0.11816982179880142, 0.13470762968063354, 0.12426235526800156]
SIDEBAR_PROBE splitPixel y=718 rgb=[0.11816982179880142, 0.13470762968063354, 0.12426235526800156]
SIDEBAR_PROBE splitPixel y=719 rgb=[0.0, 0.0, 0.0]
SIDEBAR_PROBE surface=header expected=[0.08627450980392157, 0.10196078431372549, 0.09411764705882353] layer=[0.08627450980392157, 0.10196078431372549, 0.09411764705882353] pixel=[0.11816982179880142, 0.13470762968063354, 0.12426235526800156]
SIDEBAR_PROBE surface=pane expected=[0.08627450980392157, 0.10196078431372549, 0.09411764705882353] layer=[0.08627450980392157, 0.10196078431372549, 0.09411764705882353] pixel=[0.11816982179880142, 0.13470762968063354, 0.12426235526800156]
SIDEBAR_PROBE theme=Dark hidden=false split=(0.0, 0.0, 260.0, 720.0) files=(0.0, 0.0, 260.0, 395.5) outline=(0.0, 396.5, 260.0, 323.5) outlineHidden=false unusedHeight=324.5
SIDEBAR_PROBE surface=header expected=[0.08627450980392157, 0.10196078431372549, 0.09411764705882353] layer=[0.08627450980392157, 0.10196078431372549, 0.09411764705882353] pixel=[0.11816982179880142, 0.13470762968063354, 0.12426235526800156]
SIDEBAR_PROBE surface=pane expected=[0.08627450980392157, 0.10196078431372549, 0.09411764705882353] layer=[0.08627450980392157, 0.10196078431372549, 0.09411764705882353] pixel=[0.11816982179880142, 0.13470762968063354, 0.12426235526800156]
SIDEBAR_PROBE theme=SI Classic hidden=false split=(0.0, 0.0, 260.0, 720.0) files=(0.0, 0.0, 260.0, 395.5) outline=(0.0, 396.5, 260.0, 323.5) outlineHidden=false unusedHeight=324.5
SIDEBAR_PROBE surface=header expected=[0.9372549019607843, 0.9372549019607843, 0.9176470588235294] layer=[0.9372549019607843, 0.9372549019607843, 0.9176470588235294] pixel=[0.9499326348304749, 0.9494432806968689, 0.9340922236442566]
SIDEBAR_PROBE surface=pane expected=[0.9372549019607843, 0.9372549019607843, 0.9176470588235294] layer=[0.9372549019607843, 0.9372549019607843, 0.9176470588235294] pixel=[0.9499326348304749, 0.9494432806968689, 0.9340922236442566]
SIDEBAR_PROBE theme=SI Classic hidden=true split=(0.0, 0.0, 260.0, 720.0) files=(0.0, 0.0, 260.0, 719.0) outline=(0.0, 396.5, 260.0, 323.5) outlineHidden=true unusedHeight=1.0
✘ Test sidebarTransitionTemporaryNativeProbe() recorded an issue at SidebarTransitionProbeTests.swift:48:17: Expectation failed: abs(gap) < 0.1
↳ Hidden outline must not reserve divider or pane space
↳ abs(gap) < 0.1 → false
↳   abs(gap) → 1.0
SIDEBAR_PROBE splitPixel y=395 rgb=[0.9499326348304749, 0.9494432806968689, 0.9340922236442566]
SIDEBAR_PROBE splitPixel y=396 rgb=[0.9499326348304749, 0.9494432806968689, 0.9340922236442566]
SIDEBAR_PROBE splitPixel y=718 rgb=[0.9499326348304749, 0.9494432806968689, 0.9340922236442566]
SIDEBAR_PROBE splitPixel y=719 rgb=[0.0, 0.0, 0.0]
SIDEBAR_PROBE surface=header expected=[0.9372549019607843, 0.9372549019607843, 0.9176470588235294] layer=[0.9372549019607843, 0.9372549019607843, 0.9176470588235294] pixel=[0.9499326348304749, 0.9494432806968689, 0.9340922236442566]
SIDEBAR_PROBE surface=pane expected=[0.9372549019607843, 0.9372549019607843, 0.9176470588235294] layer=[0.9372549019607843, 0.9372549019607843, 0.9176470588235294] pixel=[0.9499326348304749, 0.9494432806968689, 0.9340922236442566]
SIDEBAR_PROBE theme=SI Classic hidden=false split=(0.0, 0.0, 260.0, 720.0) files=(0.0, 0.0, 260.0, 395.5) outline=(0.0, 396.5, 260.0, 323.5) outlineHidden=false unusedHeight=324.5
SIDEBAR_PROBE surface=header expected=[0.9372549019607843, 0.9372549019607843, 0.9176470588235294] layer=[0.9372549019607843, 0.9372549019607843, 0.9176470588235294] pixel=[0.9499326348304749, 0.9494432806968689, 0.9340922236442566]
SIDEBAR_PROBE surface=pane expected=[0.9372549019607843, 0.9372549019607843, 0.9176470588235294] layer=[0.9372549019607843, 0.9372549019607843, 0.9176470588235294] pixel=[0.9499326348304749, 0.9494432806968689, 0.9340922236442566]
SIDEBAR_PROBE theme=Dark hidden=false split=(0.0, 0.0, 260.0, 720.0) files=(0.0, 0.0, 260.0, 395.5) outline=(0.0, 396.5, 260.0, 323.5) outlineHidden=false unusedHeight=324.5
SIDEBAR_PROBE surface=header expected=[0.08627450980392157, 0.10196078431372549, 0.09411764705882353] layer=[0.08627450980392157, 0.10196078431372549, 0.09411764705882353] pixel=[0.11816982179880142, 0.13470762968063354, 0.12426235526800156]
SIDEBAR_PROBE surface=pane expected=[0.08627450980392157, 0.10196078431372549, 0.09411764705882353] layer=[0.08627450980392157, 0.10196078431372549, 0.09411764705882353] pixel=[0.11816982179880142, 0.13470762968063354, 0.12426235526800156]
SIDEBAR_PROBE theme=Dark hidden=true split=(0.0, 0.0, 260.0, 720.0) files=(0.0, 0.0, 260.0, 719.0) outline=(0.0, 396.5, 260.0, 323.5) outlineHidden=true unusedHeight=1.0
✘ Test sidebarTransitionTemporaryNativeProbe() recorded an issue at SidebarTransitionProbeTests.swift:48:17: Expectation failed: abs(gap) < 0.1
↳ Hidden outline must not reserve divider or pane space
↳ abs(gap) < 0.1 → false
↳   abs(gap) → 1.0
SIDEBAR_PROBE splitPixel y=395 rgb=[0.11816982179880142, 0.13470762968063354, 0.12426235526800156]
SIDEBAR_PROBE splitPixel y=396 rgb=[0.11816982179880142, 0.13470762968063354, 0.12426235526800156]
SIDEBAR_PROBE splitPixel y=718 rgb=[0.11816982179880142, 0.13470762968063354, 0.12426235526800156]
SIDEBAR_PROBE splitPixel y=719 rgb=[0.0, 0.0, 0.0]
SIDEBAR_PROBE surface=header expected=[0.08627450980392157, 0.10196078431372549, 0.09411764705882353] layer=[0.08627450980392157, 0.10196078431372549, 0.09411764705882353] pixel=[0.11816982179880142, 0.13470762968063354, 0.12426235526800156]
SIDEBAR_PROBE surface=pane expected=[0.08627450980392157, 0.10196078431372549, 0.09411764705882353] layer=[0.08627450980392157, 0.10196078431372549, 0.09411764705882353] pixel=[0.11816982179880142, 0.13470762968063354, 0.12426235526800156]
SIDEBAR_PROBE theme=Dark hidden=false split=(0.0, 0.0, 260.0, 720.0) files=(0.0, 0.0, 260.0, 395.5) outline=(0.0, 396.5, 260.0, 323.5) outlineHidden=false unusedHeight=324.5
SIDEBAR_PROBE surface=header expected=[0.08627450980392157, 0.10196078431372549, 0.09411764705882353] layer=[0.08627450980392157, 0.10196078431372549, 0.09411764705882353] pixel=[0.11816982179880142, 0.13470762968063354, 0.12426235526800156]
SIDEBAR_PROBE surface=pane expected=[0.08627450980392157, 0.10196078431372549, 0.09411764705882353] layer=[0.08627450980392157, 0.10196078431372549, 0.09411764705882353] pixel=[0.11816982179880142, 0.13470762968063354, 0.12426235526800156]
SIDEBAR_PROBE theme=SI Classic hidden=false split=(0.0, 0.0, 260.0, 720.0) files=(0.0, 0.0, 260.0, 395.5) outline=(0.0, 396.5, 260.0, 323.5) outlineHidden=false unusedHeight=324.5
SIDEBAR_PROBE surface=header expected=[0.9372549019607843, 0.9372549019607843, 0.9176470588235294] layer=[0.9372549019607843, 0.9372549019607843, 0.9176470588235294] pixel=[0.9499326348304749, 0.9494432806968689, 0.9340922236442566]
SIDEBAR_PROBE surface=pane expected=[0.9372549019607843, 0.9372549019607843, 0.9176470588235294] layer=[0.9372549019607843, 0.9372549019607843, 0.9176470588235294] pixel=[0.9499326348304749, 0.9494432806968689, 0.9340922236442566]
SIDEBAR_PROBE theme=SI Classic hidden=true split=(0.0, 0.0, 260.0, 720.0) files=(0.0, 0.0, 260.0, 719.0) outline=(0.0, 396.5, 260.0, 323.5) outlineHidden=true unusedHeight=1.0
✘ Test sidebarTransitionTemporaryNativeProbe() recorded an issue at SidebarTransitionProbeTests.swift:48:17: Expectation failed: abs(gap) < 0.1
↳ Hidden outline must not reserve divider or pane space
↳ abs(gap) < 0.1 → false
↳   abs(gap) → 1.0
SIDEBAR_PROBE splitPixel y=395 rgb=[0.9499326348304749, 0.9494432806968689, 0.9340922236442566]
SIDEBAR_PROBE splitPixel y=396 rgb=[0.9499326348304749, 0.9494432806968689, 0.9340922236442566]
SIDEBAR_PROBE splitPixel y=718 rgb=[0.9499326348304749, 0.9494432806968689, 0.9340922236442566]
SIDEBAR_PROBE splitPixel y=719 rgb=[0.0, 0.0, 0.0]
SIDEBAR_PROBE surface=header expected=[0.9372549019607843, 0.9372549019607843, 0.9176470588235294] layer=[0.9372549019607843, 0.9372549019607843, 0.9176470588235294] pixel=[0.9499326348304749, 0.9494432806968689, 0.9340922236442566]
SIDEBAR_PROBE surface=pane expected=[0.9372549019607843, 0.9372549019607843, 0.9176470588235294] layer=[0.9372549019607843, 0.9372549019607843, 0.9176470588235294] pixel=[0.9499326348304749, 0.9494432806968689, 0.9340922236442566]
SIDEBAR_PROBE theme=SI Classic hidden=false split=(0.0, 0.0, 260.0, 720.0) files=(0.0, 0.0, 260.0, 395.5) outline=(0.0, 396.5, 260.0, 323.5) outlineHidden=false unusedHeight=324.5
SIDEBAR_PROBE surface=header expected=[0.9372549019607843, 0.9372549019607843, 0.9176470588235294] layer=[0.9372549019607843, 0.9372549019607843, 0.9176470588235294] pixel=[0.9499326348304749, 0.9494432806968689, 0.9340922236442566]
SIDEBAR_PROBE surface=pane expected=[0.9372549019607843, 0.9372549019607843, 0.9176470588235294] layer=[0.9372549019607843, 0.9372549019607843, 0.9176470588235294] pixel=[0.9499326348304749, 0.9494432806968689, 0.9340922236442566]
✘ Test sidebarTransitionTemporaryNativeProbe() failed after 1.594 seconds with 4 issues.
✘ Test run with 1 test in 0 suites failed after 1.594 seconds with 4 issues.
Note: Some test targets reported failures:
  - CodeInsightAppTests (Swift Testing)
