◇ Test run started.
↳ Testing Library Version: 2084
↳ Target Platform: arm64e-apple-macos14.0
◇ Test sidebarTransitionTemporaryNativeProbe() started.
2026-09-28 20:48:39.550 swiftpm-testing-helper[42441:30039508] Error received in message reply handler: Connection invalid
2026-09-28 20:48:39.550 swiftpm-testing-helper[42441:30039511] Connection Invalid error for service com.apple.hiservices-xpcservice.
SIDEBAR_PROBE theme=Dark hidden=false split=(0.0, 0.0, 260.0, 720.0) files=(0.0, 0.0, 260.0, 395.0) outline=(0.0, 396.0, 260.0, 324.0) outlineHidden=false unusedHeight=325.0
SIDEBAR_PROBE surface=header expected=[0.08627450980392157, 0.10196078431372549, 0.09411764705882353] layer=[0.08627450980392157, 0.10196078431372549, 0.09411764705882353] pixel=[0.11230608075857162, 0.13461220264434814, 0.12427175790071487]
SIDEBAR_PROBE surface=pane expected=[0.08627450980392157, 0.10196078431372549, 0.09411764705882353] layer=[0.08627450980392157, 0.10196078431372549, 0.09411764705882353] pixel=[0.11230608075857162, 0.13461220264434814, 0.12427175790071487]
SIDEBAR_PROBE theme=Dark hidden=true split=(0.0, 0.0, 260.0, 720.0) files=(0.0, 0.0, 260.0, 720.0) outline=(0.0, 396.0, 260.0, 324.0) outlineHidden=true unusedHeight=0.0
SIDEBAR_PROBE splitPixel y=395 rgb=[0.11230608075857162, 0.13461220264434814, 0.12427175790071487]
SIDEBAR_PROBE splitPixel y=396 rgb=[0.11230608075857162, 0.13461220264434814, 0.12427175790071487]
SIDEBAR_PROBE splitPixel y=718 rgb=[0.11230608075857162, 0.13461220264434814, 0.12427175790071487]
SIDEBAR_PROBE splitPixel y=719 rgb=[0.11230608075857162, 0.13461220264434814, 0.12427175790071487]
SIDEBAR_PROBE surface=header expected=[0.08627450980392157, 0.10196078431372549, 0.09411764705882353] layer=[0.08627450980392157, 0.10196078431372549, 0.09411764705882353] pixel=[0.11230608075857162, 0.13461220264434814, 0.12427175790071487]
SIDEBAR_PROBE surface=pane expected=[0.08627450980392157, 0.10196078431372549, 0.09411764705882353] layer=[0.08627450980392157, 0.10196078431372549, 0.09411764705882353] pixel=[0.11230608075857162, 0.13461220264434814, 0.12427175790071487]
SIDEBAR_PROBE theme=Dark hidden=false split=(0.0, 0.0, 260.0, 720.0) files=(0.0, 0.0, 260.0, 395.0) outline=(0.0, 396.0, 260.0, 324.0) outlineHidden=false unusedHeight=325.0
SIDEBAR_PROBE surface=header expected=[0.08627450980392157, 0.10196078431372549, 0.09411764705882353] layer=[0.08627450980392157, 0.10196078431372549, 0.09411764705882353] pixel=[0.11230608075857162, 0.13461220264434814, 0.12427175790071487]
SIDEBAR_PROBE surface=pane expected=[0.08627450980392157, 0.10196078431372549, 0.09411764705882353] layer=[0.08627450980392157, 0.10196078431372549, 0.09411764705882353] pixel=[0.11230608075857162, 0.13461220264434814, 0.12427175790071487]
SIDEBAR_PROBE theme=SI Classic hidden=false split=(0.0, 0.0, 260.0, 720.0) files=(0.0, 0.0, 260.0, 395.0) outline=(0.0, 396.0, 260.0, 324.0) outlineHidden=false unusedHeight=325.0
SIDEBAR_PROBE surface=header expected=[0.9372549019607843, 0.9372549019607843, 0.9176470588235294] layer=[0.9372549019607843, 0.9372549019607843, 0.9176470588235294] pixel=[0.9499326348304749, 0.9494432806968689, 0.9340922236442566]
SIDEBAR_PROBE surface=pane expected=[0.9372549019607843, 0.9372549019607843, 0.9176470588235294] layer=[0.9372549019607843, 0.9372549019607843, 0.9176470588235294] pixel=[0.9499326348304749, 0.9494432806968689, 0.9340922236442566]
SIDEBAR_PROBE theme=SI Classic hidden=true split=(0.0, 0.0, 260.0, 720.0) files=(0.0, 0.0, 260.0, 720.0) outline=(0.0, 396.0, 260.0, 324.0) outlineHidden=true unusedHeight=0.0
SIDEBAR_PROBE splitPixel y=395 rgb=[0.9499326348304749, 0.9494432806968689, 0.9340922236442566]
SIDEBAR_PROBE splitPixel y=396 rgb=[0.9499326348304749, 0.9494432806968689, 0.9340922236442566]
SIDEBAR_PROBE splitPixel y=718 rgb=[0.9499326348304749, 0.9494432806968689, 0.9340922236442566]
SIDEBAR_PROBE splitPixel y=719 rgb=[0.9499326348304749, 0.9494432806968689, 0.9340922236442566]
SIDEBAR_PROBE surface=header expected=[0.9372549019607843, 0.9372549019607843, 0.9176470588235294] layer=[0.9372549019607843, 0.9372549019607843, 0.9176470588235294] pixel=[0.9499326348304749, 0.9494432806968689, 0.9340922236442566]
SIDEBAR_PROBE surface=pane expected=[0.9372549019607843, 0.9372549019607843, 0.9176470588235294] layer=[0.9372549019607843, 0.9372549019607843, 0.9176470588235294] pixel=[0.9499326348304749, 0.9494432806968689, 0.9340922236442566]
SIDEBAR_PROBE theme=SI Classic hidden=false split=(0.0, 0.0, 260.0, 720.0) files=(0.0, 0.0, 260.0, 395.0) outline=(0.0, 396.0, 260.0, 324.0) outlineHidden=false unusedHeight=325.0
SIDEBAR_PROBE surface=header expected=[0.9372549019607843, 0.9372549019607843, 0.9176470588235294] layer=[0.9372549019607843, 0.9372549019607843, 0.9176470588235294] pixel=[0.9499326348304749, 0.9494432806968689, 0.9340922236442566]
SIDEBAR_PROBE surface=pane expected=[0.9372549019607843, 0.9372549019607843, 0.9176470588235294] layer=[0.9372549019607843, 0.9372549019607843, 0.9176470588235294] pixel=[0.9499326348304749, 0.9494432806968689, 0.9340922236442566]
SIDEBAR_PROBE theme=Dark hidden=false split=(0.0, 0.0, 260.0, 720.0) files=(0.0, 0.0, 260.0, 395.0) outline=(0.0, 396.0, 260.0, 324.0) outlineHidden=false unusedHeight=325.0
SIDEBAR_PROBE surface=header expected=[0.08627450980392157, 0.10196078431372549, 0.09411764705882353] layer=[0.08627450980392157, 0.10196078431372549, 0.09411764705882353] pixel=[0.11230608075857162, 0.13461220264434814, 0.12427175790071487]
SIDEBAR_PROBE surface=pane expected=[0.08627450980392157, 0.10196078431372549, 0.09411764705882353] layer=[0.08627450980392157, 0.10196078431372549, 0.09411764705882353] pixel=[0.11230608075857162, 0.13461220264434814, 0.12427175790071487]
SIDEBAR_PROBE theme=Dark hidden=true split=(0.0, 0.0, 260.0, 720.0) files=(0.0, 0.0, 260.0, 720.0) outline=(0.0, 396.0, 260.0, 324.0) outlineHidden=true unusedHeight=0.0
SIDEBAR_PROBE splitPixel y=395 rgb=[0.11230608075857162, 0.13461220264434814, 0.12427175790071487]
SIDEBAR_PROBE splitPixel y=396 rgb=[0.11230608075857162, 0.13461220264434814, 0.12427175790071487]
SIDEBAR_PROBE splitPixel y=718 rgb=[0.11230608075857162, 0.13461220264434814, 0.12427175790071487]
SIDEBAR_PROBE splitPixel y=719 rgb=[0.11230608075857162, 0.13461220264434814, 0.12427175790071487]
SIDEBAR_PROBE surface=header expected=[0.08627450980392157, 0.10196078431372549, 0.09411764705882353] layer=[0.08627450980392157, 0.10196078431372549, 0.09411764705882353] pixel=[0.11230608075857162, 0.13461220264434814, 0.12427175790071487]
SIDEBAR_PROBE surface=pane expected=[0.08627450980392157, 0.10196078431372549, 0.09411764705882353] layer=[0.08627450980392157, 0.10196078431372549, 0.09411764705882353] pixel=[0.11230608075857162, 0.13461220264434814, 0.12427175790071487]
SIDEBAR_PROBE theme=Dark hidden=false split=(0.0, 0.0, 260.0, 720.0) files=(0.0, 0.0, 260.0, 395.0) outline=(0.0, 396.0, 260.0, 324.0) outlineHidden=false unusedHeight=325.0
SIDEBAR_PROBE surface=header expected=[0.08627450980392157, 0.10196078431372549, 0.09411764705882353] layer=[0.08627450980392157, 0.10196078431372549, 0.09411764705882353] pixel=[0.11230608075857162, 0.13461220264434814, 0.12427175790071487]
SIDEBAR_PROBE surface=pane expected=[0.08627450980392157, 0.10196078431372549, 0.09411764705882353] layer=[0.08627450980392157, 0.10196078431372549, 0.09411764705882353] pixel=[0.11230608075857162, 0.13461220264434814, 0.12427175790071487]
SIDEBAR_PROBE theme=SI Classic hidden=false split=(0.0, 0.0, 260.0, 720.0) files=(0.0, 0.0, 260.0, 395.0) outline=(0.0, 396.0, 260.0, 324.0) outlineHidden=false unusedHeight=325.0
SIDEBAR_PROBE surface=header expected=[0.9372549019607843, 0.9372549019607843, 0.9176470588235294] layer=[0.9372549019607843, 0.9372549019607843, 0.9176470588235294] pixel=[0.9499326348304749, 0.9494432806968689, 0.9340922236442566]
SIDEBAR_PROBE surface=pane expected=[0.9372549019607843, 0.9372549019607843, 0.9176470588235294] layer=[0.9372549019607843, 0.9372549019607843, 0.9176470588235294] pixel=[0.9499326348304749, 0.9494432806968689, 0.9340922236442566]
SIDEBAR_PROBE theme=SI Classic hidden=true split=(0.0, 0.0, 260.0, 720.0) files=(0.0, 0.0, 260.0, 720.0) outline=(0.0, 396.0, 260.0, 324.0) outlineHidden=true unusedHeight=0.0
SIDEBAR_PROBE splitPixel y=395 rgb=[0.9499326348304749, 0.9494432806968689, 0.9340922236442566]
SIDEBAR_PROBE splitPixel y=396 rgb=[0.9499326348304749, 0.9494432806968689, 0.9340922236442566]
SIDEBAR_PROBE splitPixel y=718 rgb=[0.9499326348304749, 0.9494432806968689, 0.9340922236442566]
SIDEBAR_PROBE splitPixel y=719 rgb=[0.9499326348304749, 0.9494432806968689, 0.9340922236442566]
SIDEBAR_PROBE surface=header expected=[0.9372549019607843, 0.9372549019607843, 0.9176470588235294] layer=[0.9372549019607843, 0.9372549019607843, 0.9176470588235294] pixel=[0.9499326348304749, 0.9494432806968689, 0.9340922236442566]
SIDEBAR_PROBE surface=pane expected=[0.9372549019607843, 0.9372549019607843, 0.9176470588235294] layer=[0.9372549019607843, 0.9372549019607843, 0.9176470588235294] pixel=[0.9499326348304749, 0.9494432806968689, 0.9340922236442566]
SIDEBAR_PROBE theme=SI Classic hidden=false split=(0.0, 0.0, 260.0, 720.0) files=(0.0, 0.0, 260.0, 395.0) outline=(0.0, 396.0, 260.0, 324.0) outlineHidden=false unusedHeight=325.0
SIDEBAR_PROBE surface=header expected=[0.9372549019607843, 0.9372549019607843, 0.9176470588235294] layer=[0.9372549019607843, 0.9372549019607843, 0.9176470588235294] pixel=[0.9499326348304749, 0.9494432806968689, 0.9340922236442566]
SIDEBAR_PROBE surface=pane expected=[0.9372549019607843, 0.9372549019607843, 0.9176470588235294] layer=[0.9372549019607843, 0.9372549019607843, 0.9176470588235294] pixel=[0.9499326348304749, 0.9494432806968689, 0.9340922236442566]
✔ Test sidebarTransitionTemporaryNativeProbe() passed after 1.754 seconds.
✔ Test run with 1 test in 0 suites passed after 1.754 seconds.
