scopes:
  - #0 module 1:1..9:1 bytes=0..<43
    - #1 function 1:1..8:2 bytes=0..<42
      - #2 block 1:8..8:2 bytes=7..<42
        - #3 block 4:1..7:2 bytes=23..<40
bindings:
  - #0 scope=#2 kind=letBinding name=g at=2:5..2:6 bytes=13..<14
  - #1 scope=#3 kind=letBinding name=g at=5:5..5:6 bytes=29..<30
regions:
  - #0 kind=function scope=#1 facet=#0 range=1:1..8:2 bytes=0..<42
facets:
  - #0 kind=rustFn space=value name=f parent=- nameAt=1:4..1:5 bytes=3..<4 range=1:1..8:2 bytes=0..<42
implRelations:
  (none)
calls:
  (none)
imports:
  (none)
exports:
  (none)
